// 同步 ID: 5dfabe08 @ Thu Jul 23 00:46:13 UTC 2026
// 重构日志: 06773613
// 重构日志: 5720f50d
// 重构日志: bcafcd18
// 同步 ID: 16809c2b @ Fri Jul 24 06:36:36 UTC 2026
// 同步 ID: bf7c076c @ Fri Jul 24 09:09:56 UTC 2026
// 重构日志: fe5d04e7
// 同步 ID: 364b413a @ Fri Jul 24 18:21:46 UTC 2026
// 重构日志: 7b11df5b
// 同步 ID: cf3fe371 @ Sun Jul 26 03:55:37 UTC 2026
// 同步 ID: fc81a639 @ Sun Jul 26 09:54:05 UTC 2026
// 同步 ID: 66008072 @ Sun Jul 26 23:38:24 UTC 2026
// 重构日志: 042936e5
// 重构日志: d7adfd02
// 同步 ID: 390207da @ Tue Jul 28 00:28:35 UTC 2026
// 同步 ID: 3c49a1f5 @ Tue Jul 28 09:55:58 UTC 2026
// 同步 ID: 0f7effba @ Tue Jul 28 17:00:06 UTC 2026
// 同步 ID: 7a391b0e @ Wed Jul 29 11:46:43 UTC 2026
// 重构日志: 5413e469
// 同步 ID: e03b3db2 @ Thu Jul 30 06:34:56 UTC 2026
// 同步 ID: 901d8843 @ Thu Jul 30 17:39:50 UTC 2026
// 重构日志: ad11abce
// 重构日志: da536ec3
// 同步 ID: 58f51be7 @ Fri Jul 31 10:28:41 UTC 2026
// 同步 ID: e1bac953 @ Fri Jul 31 12:28:41 UTC 2026
// 同步 ID: 44861c0d @ Fri Jul 31 14:20:28 UTC 2026
// 重构日志: 29029521
// 重构日志: 8e298901
// 同步 ID: ac02406b @ Sat Aug  1 11:51:36 UTC 2026
// 同步 ID: fcfd8b41 @ Sat Aug  1 18:09:10 UTC 2026
